[?7h[255D[40m
[0;1m[10C[34m[[37mH[34m] [36mHead Butt   [34m[[37mK[34m] [36mKick   [34m[[37mP[34m] [36mPunch   [34m[[37mJ[34m] [36mJab Punch
[10C[34m[[37mT[34m] [36mThrow Rock  [34m[[37mS[34m] [36mSlap   [34m[[37mE[34m] [36mElbow   [34m[[37mY[34m] [36mYell Obsenities

[14C[34m[[37mR[34m] [36mRun Away Fast![5C[34m[[37mB[34m] [36mBargin For Your Life

    [37mEnter Choice:[0m
