[?7h[40m[2J[40m
[0;1m[8C[32mÜßßß[8C[0;32mÜÜ [1mÜßßÜ[9CÜßßß[15C[0;32mÜÜ Û    ß
[9C[1mßßÜ [0;32mÛ  Û ßßÜÜ [1mÛ  Û [0;32mÛßßÜ[5C[1mßßÜ [0;32mÛßÛßÛ ÛßßÛ  ßßÜÜ ÛßßÜ Û ÛßßÛ
[8C[1mßßß   [0;32mßßÛ ßß    [1mßß  [0;32mÛßß[5C[1mßßß  [0;32mß ß ß ßßß ß ßß   ß  ß ß ß  ß
[14Cßß  [37mÄÄÄÄÄÄÄÄÄ[8C[32mÄÄÄÄÄÄÄÄÄÄ[13CÄÄÄÄÄÄÄÄÄ
[9CÄÄÄÄÄÄÄÄÄ[13C[1;30mÄÄÄÄÄÄÄÄÄ[11C[0mÄÄÄÄÄÄÄÄÄÄ
[5C[1;30mÄÄÄÄÄÄÄÄÄ[8C[0;32mÄÄÄÄÄÄÄÄÄ[13C[1mÄÄÄÄÄÄÄÄÄ[11C[30mÄÄÄÄÄÄÄÄÄ

[30C[33mPre-Game Play Menu
[32C[0mÄÄÄÄÄÄÄÄÄÄÄÄÄÄ

[30C[1;32m[[37mP[32m]  [37mPlay the Game
[30C[32m[[37mV[32m]  [37mView Instructions
[30C[32m[[37mQ[32m]  [37mQuit the Game

[23C[30mÚÄÄÄÄÄÄÄÄÄÄÄÄÄÄÄÄÄÄÄÄÄÄÄÄÄÄÄÄÄÄÄ¿
[23C³ [0mEnter Choice: [44m               [1C[1;30;40m³
[23CÀÄÄÄÄÄÄÄÄÄÄÄÄÄÄÄÄÄÄÄÄÄÄÄÄÄÄÄÄÄÄÄÙ[0m
